Component: Arm Compiler for Embedded 6.22 Tool: armlink [5ee90200]

==============================================================================

Removing Unused exception sections from the image.

    Removing flashprg.o(.ARM.exidx), (56 bytes).
    Removing fsl_common.o(.ARM.exidx), (16 bytes).
    Removing fsl_common_arm.o(.ARM.exidx), (24 bytes).
    Removing fsl_anatop_ai.o(.ARM.exidx), (32 bytes).
    Removing fsl_clock.o(.ARM.exidx), (496 bytes).
    Removing fsl_pmu.o(.ARM.exidx), (280 bytes).
    Removing flexspi_nor_flash_ops.o(.ARM.exidx), (72 bytes).
    Removing fsl_flexspi.o(.ARM.exidx), (136 bytes).

8 unused section(s) (total 1112 bytes) removed from the image.

==============================================================================

Image Symbol Table

    Local Symbols

    Symbol Name                              Value     Ov Type        Size  Object(Section)

    ../clib/angel/rt.s                       0x00000000   Number         0  aeabi_idiv0.o ABSOLUTE
    ../clib/angel/rt.s                       0x00000000   Number         0  aeabi_idiv0_sigfpe.o ABSOLUTE
    ../clib/angel/rt.s                       0x00000000   Number         0  aeabi_ldiv0.o ABSOLUTE
    ../clib/angel/rt.s                       0x00000000   Number         0  aeabi_ldiv0_sigfpe.o ABSOLUTE
    ../clib/angel/rt.s                       0x00000000   Number         0  rt_heap_descriptor.o ABSOLUTE
    ../clib/angel/rt.s                       0x00000000   Number         0  rt_heap_descriptor_intlibspace.o ABSOLUTE
    ../clib/angel/rt.s                       0x00000000   Number         0  rt_div0.o ABSOLUTE
    ../clib/angel/rt.s                       0x00000000   Number         0  rt_raise.o ABSOLUTE
    ../clib/angel/sys.s                      0x00000000   Number         0  mutex_dummy.o ABSOLUTE
    ../clib/angel/sys.s                      0x00000000   Number         0  libspace.o ABSOLUTE
    ../clib/angel/sys.s                      0x00000000   Number         0  use_no_semi.o ABSOLUTE
    ../clib/angel/sys.s                      0x00000000   Number         0  indicate_semi.o ABSOLUTE
    ../clib/angel/sysapp.c                   0x00000000   Number         0  sys_wrch.o ABSOLUTE
    ../clib/angel/sysapp.c                   0x00000000   Number         0  sys_command.o ABSOLUTE
    ../clib/angel/sysapp.c                   0x00000000   Number         0  sys_exit.o ABSOLUTE
    ../clib/angel/sysapp.c                   0x00000000   Number         0  sys_wrch_hlt.o ABSOLUTE
    ../clib/angel/sysapp.c                   0x00000000   Number         0  sys_command_hlt.o ABSOLUTE
    ../clib/angel/sysapp.c                   0x00000000   Number         0  sys_exit_hlt.o ABSOLUTE
    ../clib/armsys.c                         0x00000000   Number         0  _get_argv.o ABSOLUTE
    ../clib/armsys.c                         0x00000000   Number         0  argv_veneer.o ABSOLUTE
    ../clib/armsys.c                         0x00000000   Number         0  _get_argv_nomalloc.o ABSOLUTE
    ../clib/armsys.c                         0x00000000   Number         0  no_argv.o ABSOLUTE
    ../clib/assert.c                         0x00000000   Number         0  assert.o ABSOLUTE
    ../clib/assert.c                         0x00000000   Number         0  assert_puts.o ABSOLUTE
    ../clib/division.c                       0x00000000   Number         0  lludiv.o ABSOLUTE
    ../clib/division.s                       0x00000000   Number         0  aeabi_sdivfast.o ABSOLUTE
    ../clib/division.s                       0x00000000   Number         0  aeabi_sdivfast_div0.o ABSOLUTE
    ../clib/heap1.c                          0x00000000   Number         0  h1_alloc.o ABSOLUTE
    ../clib/heap1.c                          0x00000000   Number         0  h1_free.o ABSOLUTE
    ../clib/heap1.c                          0x00000000   Number         0  h1_alloc_threads.o ABSOLUTE
    ../clib/heap1.c                          0x00000000   Number         0  h1_free_threads.o ABSOLUTE
    ../clib/heap1.c                          0x00000000   Number         0  h1_init.o ABSOLUTE
    ../clib/heap1.c                          0x00000000   Number         0  h1_init_threads.o ABSOLUTE
    ../clib/heap1.c                          0x00000000   Number         0  h1_extend.o ABSOLUTE
    ../clib/heap1.c                          0x00000000   Number         0  h1_extend_threads.o ABSOLUTE
    ../clib/heap1.c                          0x00000000   Number         0  h1_final.o ABSOLUTE
    ../clib/heap1.c                          0x00000000   Number         0  h1_final_threads.o ABSOLUTE
    ../clib/heap2.c                          0x00000000   Number         0  heap2.o ABSOLUTE
    ../clib/heap2.c                          0x00000000   Number         0  heap2_threads.o ABSOLUTE
    ../clib/heap2.c                          0x00000000   Number         0  fdtree.o ABSOLUTE
    ../clib/heapalloc.c                      0x00000000   Number         0  malloc.o ABSOLUTE
    ../clib/heapalloc.c                      0x00000000   Number         0  free.o ABSOLUTE
    ../clib/heapalloc.c                      0x00000000   Number         0  hguard.o ABSOLUTE
    ../clib/heapalloc.c                      0x00000000   Number         0  init_alloc.o ABSOLUTE
    ../clib/heapalloc.c                      0x00000000   Number         0  heapstubs.o ABSOLUTE
    ../clib/heapalloc.c                      0x00000000   Number         0  hrguard.o ABSOLUTE
    ../clib/heapalloc.c                      0x00000000   Number         0  term_alloc.o ABSOLUTE
    ../clib/heapaux.c                        0x00000000   Number         0  heapauxa.o ABSOLUTE
    ../clib/heapaux.c                        0x00000000   Number         0  heapauxi.o ABSOLUTE
    ../clib/libinit.s                        0x00000000   Number         0  libinit2.o ABSOLUTE
    ../clib/libinit.s                        0x00000000   Number         0  libshutdown2.o ABSOLUTE
    ../clib/longlong.c                       0x00000000   Number         0  llmul.o ABSOLUTE
    ../clib/maybe.s                          0x00000000   Number         0  maybetermalloc1.o ABSOLUTE
    ../clib/maybe.s                          0x00000000   Number         0  maybetermalloc2.o ABSOLUTE
    ../clib/memcpset.c                       0x00000000   Number         0  rt_memclr.o ABSOLUTE
    ../clib/memcpset.c                       0x00000000   Number         0  rt_memcpy.o ABSOLUTE
    ../clib/memcpset.c                       0x00000000   Number         0  rt_memcpy.o ABSOLUTE
    ../clib/signal.c                         0x00000000   Number         0  defsig_abrt_outer.o ABSOLUTE
    ../clib/signal.c                         0x00000000   Number         0  defsig_abrt_formal.o ABSOLUTE
    ../clib/signal.c                         0x00000000   Number         0  defsig_rtmem_outer.o ABSOLUTE
    ../clib/signal.c                         0x00000000   Number         0  defsig_rtmem_formal.o ABSOLUTE
    ../clib/signal.c                         0x00000000   Number         0  defsig_exit.o ABSOLUTE
    ../clib/signal.c                         0x00000000   Number         0  defsig_abrt_inner.o ABSOLUTE
    ../clib/signal.c                         0x00000000   Number         0  defsig_fpe_outer.o ABSOLUTE
    ../clib/signal.c                         0x00000000   Number         0  defsig_fpe_formal.o ABSOLUTE
    ../clib/signal.c                         0x00000000   Number         0  defsig_rtmem_inner.o ABSOLUTE
    ../clib/signal.c                         0x00000000   Number         0  __raise.o ABSOLUTE
    ../clib/signal.c                         0x00000000   Number         0  defsig_general.o ABSOLUTE
    ../clib/signal.c                         0x00000000   Number         0  defsig_fpe_inner.o ABSOLUTE
    ../clib/signal.c                         0x00000000   Number         0  defsig_rtred_inner.o ABSOLUTE
    ../clib/signal.c                         0x00000000   Number         0  defsig_stak_inner.o ABSOLUTE
    ../clib/signal.c                         0x00000000   Number         0  defsig_pvfn_inner.o ABSOLUTE
    ../clib/signal.c                         0x00000000   Number         0  defsig_cppl_inner.o ABSOLUTE
    ../clib/signal.c                         0x00000000   Number         0  defsig_segv_inner.o ABSOLUTE
    ../clib/signal.c                         0x00000000   Number         0  defsig_other.o ABSOLUTE
    ../clib/signal.s                         0x00000000   Number         0  defsig.o ABSOLUTE
    ../clib/stdlib.c                         0x00000000   Number         0  abort.o ABSOLUTE
    ../fplib/cfplib/daddsub.c                0x00000000   Number         0  daddsub.o ABSOLUTE
    ../fplib/cfplib/ddiv.c                   0x00000000   Number         0  ddiv.o ABSOLUTE
    ../fplib/cfplib/dmul.c                   0x00000000   Number         0  dmul.o ABSOLUTE
    ../fplib/cfplib/ffix.c                   0x00000000   Number         0  dfixui.o ABSOLUTE
    ../fplib/cfplib/fflt.c                   0x00000000   Number         0  dflti.o ABSOLUTE
    ../fplib/cfplib/fpinit.c                 0x00000000   Number         0  fpinit.o ABSOLUTE
    ../fplib/usenofp.s                       0x00000000   Number         0  usenofp.o ABSOLUTE
    FlashDev.c                               0x00000000   Number         0  flashdev.o ABSOLUTE
    FlashPrg.c                               0x00000000   Number         0  flashprg.o ABSOLUTE
    dc.s                                     0x00000000   Number         0  dc.o ABSOLUTE
    flexspi_nor_flash_ops.c                  0x00000000   Number         0  flexspi_nor_flash_ops.o ABSOLUTE
    fsl_anatop_ai.c                          0x00000000   Number         0  fsl_anatop_ai.o ABSOLUTE
    fsl_clock.c                              0x00000000   Number         0  fsl_clock.o ABSOLUTE
    fsl_common.c                             0x00000000   Number         0  fsl_common.o ABSOLUTE
    fsl_common_arm.c                         0x00000000   Number         0  fsl_common_arm.o ABSOLUTE
    fsl_flexspi.c                            0x00000000   Number         0  fsl_flexspi.o ABSOLUTE
    fsl_pmu.c                                0x00000000   Number         0  fsl_pmu.o ABSOLUTE
    [Anonymous Symbol]                       0x00000000   Section        0  flashprg.o(.text)
    .ARM.Collect$$libinit$$0000000C          0x00000000   Section        0  libinit2.o(.ARM.Collect$$libinit$$0000000C)
    [Anonymous Symbol]                       0x00000124   Section        0  fsl_common.o(.text)
    [Anonymous Symbol]                       0x00000180   Section        0  fsl_common_arm.o(.text)
    loop0                                    0x00000230   Number         0  fsl_common_arm.o(.text)
    [Anonymous Symbol]                       0x00000264   Section        0  fsl_anatop_ai.o(.text)
    [Anonymous Symbol]                       0x00000628   Section        0  fsl_clock.o(.text)
    ANATOP_PllConfigure                      0x0000102d   Thumb Code   152  fsl_clock.o(.text)
    CLOCK_GetAvPllFreq                       0x000019c1   Thumb Code   156  fsl_clock.o(.text)
    [Anonymous Symbol]                       0x000021fc   Section        0  fsl_pmu.o(.text)
    [Anonymous Symbol]                       0x00002b04   Section        0  flexspi_nor_flash_ops.o(.text)
    [Anonymous Symbol]                       0x000030fc   Section        0  fsl_flexspi.o(.text)
    s_flexspiClock                           0x00003418   Number         0  fsl_flexspi.o(.text)
    .text                                    0x00004130   Section        0  h1_alloc.o(.text)
    .text                                    0x00004192   Section        0  h1_free.o(.text)
    .text                                    0x000041de   Section        0  llmul.o(.text)
    .text                                    0x0000420e   Section        0  lludiv.o(.text)
    .text                                    0x00004320   Section        0  assert.o(.text)
    .text                                    0x0000439c   Section        0  rt_memclr.o(.text)
    .text                                    0x000043dc   Section      504  aeabi_sdivfast.o(.text)
    _dadd1                                   0x000045d5   Thumb Code   290  daddsub.o(.text)
    .text                                    0x000045d4   Section        0  daddsub.o(.text)
    _dsub1                                   0x000046f7   Thumb Code   470  daddsub.o(.text)
    .text                                    0x0000492c   Section        0  ddiv.o(.text)
    .text                                    0x00004d74   Section        0  dfixui.o(.text)
    .text                                    0x00004dbc   Section        0  dflti.o(.text)
    .text                                    0x00004e14   Section        0  dmul.o(.text)
    .text                                    0x0000505c   Section       12  rt_heap_descriptor.o(.text)
    .text                                    0x00005068   Section        0  hguard.o(.text)
    .text                                    0x0000506c   Section        0  init_alloc.o(.text)
    .text                                    0x000050f4   Section        0  h1_init.o(.text)
    .text                                    0x00005100   Section        0  abort.o(.text)
    .text                                    0x00005114   Section        0  assert_puts.o(.text)
    .text                                    0x00005128   Section        0  sys_wrch.o(.text)
    .text                                    0x00005134   Section        0  sys_exit.o(.text)
    .text                                    0x00005140   Section        0  maybetermalloc1.o(.text)
    .text                                    0x00005140   Section        0  h1_extend.o(.text)
    .text                                    0x00005174   Section        0  defsig_abrt_outer.o(.text)
    .text                                    0x00005180   Section        0  defsig_rtmem_outer.o(.text)
    .text                                    0x0000518c   Section        0  heapauxa.o(.text)
    .text                                    0x000051e0   Section        2  use_no_semi.o(.text)
    .text                                    0x000051e2   Section        0  indicate_semi.o(.text)
    .text                                    0x000051e2   Section        0  defsig_exit.o(.text)
    .text                                    0x000051f0   Section        0  defsig_abrt_inner.o(.text)
    .text                                    0x00005220   Section        0  defsig_rtmem_inner.o(.text)
    .text                                    0x00005270   Section        0  defsig_general.o(.text)
    .text_divfast                            0x000052a4   Section      502  aeabi_sdivfast.o(.text_divfast)
    ddiv_reciptbl                            0x0000549a   Data         128  ddiv.o(.constdata)
    .constdata                               0x0000549a   Section      128  ddiv.o(.constdata)
    x$fpl$usenofp                            0x0000549a   Section        0  usenofp.o(x$fpl$usenofp)
    .L__const.PMU_GPCSetLdoOperateMode.ldoLpModeRegArray 0x0000551c   Data          16  fsl_pmu.o(.rodata.cst16)
    s_flexspiIrqs                            0x00005894   Data           6  fsl_flexspi.o(.rodata.s_flexspiIrqs)
    [Anonymous Symbol]                       0x00005894   Section        0  fsl_flexspi.o(.rodata.s_flexspiIrqs)
    .L.str.1                                 0x0000589a   Data          25  fsl_common_arm.o(.rodata.str1.1)
    [Anonymous Symbol]                       0x0000589a   Section        0  fsl_common_arm.o(.rodata.str1.1)
    .L.str.11                                0x000058b3   Data          45  fsl_clock.o(.rodata.str1.1)
    [Anonymous Symbol]                       0x000058b3   Section        0  fsl_clock.o(.rodata.str1.1)
    .L.str.10                                0x000058e0   Data          47  fsl_clock.o(.rodata.str1.1)
    .L.str                                   0x0000590f   Data         113  fsl_clock.o(.rodata.str1.1)
    .L.str                                   0x00005980   Data          15  fsl_clock.o(.rodata.str1.1)
    .L.str.9                                 0x00005980   Data          15  fsl_clock.o(.rodata.str1.1)
    .L.str.12                                0x0000598f   Data          12  fsl_clock.o(.rodata.str1.1)
    .L.str.7                                 0x0000599b   Data          31  fsl_clock.o(.rodata.str1.1)
    .L.str.8                                 0x000059ba   Data          31  fsl_clock.o(.rodata.str1.1)
    .L.str.1                                 0x000059d9   Data          20  fsl_clock.o(.rodata.str1.1)
    .L.str.2                                 0x000059ed   Data           6  fsl_clock.o(.rodata.str1.1)
    .L.str.5                                 0x000059ed   Data           6  fsl_clock.o(.rodata.str1.1)
    .L.str.16                                0x000059f3   Data          20  fsl_clock.o(.rodata.str1.1)
    .L.str.1                                 0x00005a07   Data          18  fsl_pmu.o(.rodata.str1.1)
    [Anonymous Symbol]                       0x00005a07   Section        0  fsl_pmu.o(.rodata.str1.1)
    .L.str.4                                 0x00005a19   Data          23  fsl_pmu.o(.rodata.str1.1)
    .L.str.2                                 0x00005a30   Data          24  fsl_pmu.o(.rodata.str1.1)
    .L.str.3                                 0x00005a48   Data          19  fsl_pmu.o(.rodata.str1.1)
    .L.str                                   0x00005a5b   Data          38  fsl_flexspi.o(.rodata.str1.1)
    [Anonymous Symbol]                       0x00005a5b   Section        0  fsl_flexspi.o(.rodata.str1.1)
    .L.str.1                                 0x00005a81   Data          22  fsl_flexspi.o(.rodata.str1.1)
    .L.str.4                                 0x00005a97   Data           7  fsl_flexspi.o(.rodata.str1.1)
    __rt_heap_escrow_base                    0x00005aa4   Data           4  heapauxa.o(.data)
    .data                                    0x00005aa4   Section        4  heapauxa.o(.data)
    __rt_heap_descriptor_data                0x00005ac8   Data           4  rt_heap_descriptor.o(.bss)
    .bss                                     0x00005ac8   Section        4  rt_heap_descriptor.o(.bss)
    Init.index                               0x00005acc   Data           4  flashprg.o(.bss.Init.index)
    s_flexspiHandle                          0x00005ad0   Data          12  fsl_flexspi.o(.bss.s_flexspiHandle)

    Global Symbols

    Symbol Name                              Value     Ov Type        Size  Object(Section)

    BuildAttributes$$THM_ISAv3M$S$PE$A:L22$X:L11$S22$IEEE1$IW$RWPI$~STKCKD$USESV7$~SHL$OTIME$ROPI$STANDARDLIB$REQ8$PRES8$EABIv2 0x00000000   Number         0  anon$$obj.o ABSOLUTE
    __rt_lib_init_heap_2                     0x00000001   Thumb Code     0  libinit2.o(.ARM.Collect$$libinit$$0000000C)
    init_flexspi_pins                        0x00000001   Thumb Code    56  flashprg.o(.text)
    __ARM_exceptions_init                     - Undefined Weak Reference
    __alloca_initialize                       - Undefined Weak Reference
    __arm_preinit_                            - Undefined Weak Reference
    __arm_relocate_pie_                       - Undefined Weak Reference
    __cpp_initialize__aeabi_                  - Undefined Weak Reference
    __cxa_finalize                            - Undefined Weak Reference
    __rt_lib_shutdown                         - Undefined Weak Reference
    __rt_locale                               - Undefined Weak Reference
    __sigvec_lookup                           - Undefined Weak Reference
    __user_heap_extent                        - Undefined Weak Reference
    _atexit_init                              - Undefined Weak Reference
    _clock_init                               - Undefined Weak Reference
    _fp_trap_init                             - Undefined Weak Reference
    _fp_trap_shutdown                         - Undefined Weak Reference
    _get_lc_collate                           - Undefined Weak Reference
    _get_lc_ctype                             - Undefined Weak Reference
    _get_lc_monetary                          - Undefined Weak Reference
    _get_lc_numeric                           - Undefined Weak Reference
    _get_lc_time                              - Undefined Weak Reference
    _getenv_init                              - Undefined Weak Reference
    _handle_redirection                       - Undefined Weak Reference
    _initio                                   - Undefined Weak Reference
    _mutex_acquire                            - Undefined Weak Reference
    _mutex_free                               - Undefined Weak Reference
    _mutex_release                            - Undefined Weak Reference
    _rand_init                                - Undefined Weak Reference
    _signal_finish                            - Undefined Weak Reference
    _signal_init                              - Undefined Weak Reference
    _terminateio                              - Undefined Weak Reference
    log_result                               0x00000045   Thumb Code     2  flashprg.o(.text)
    Init                                     0x00000049   Thumb Code    88  flashprg.o(.text)
    UnInit                                   0x000000b5   Thumb Code     4  flashprg.o(.text)
    EraseChip                                0x000000b9   Thumb Code    16  flashprg.o(.text)
    EraseSector                              0x000000cd   Thumb Code    28  flashprg.o(.text)
    ProgramPage                              0x000000ed   Thumb Code    52  flashprg.o(.text)
    SDK_Malloc                               0x00000125   Thumb Code    60  fsl_common.o(.text)
    SDK_Free                                 0x00000165   Thumb Code    24  fsl_common.o(.text)
    MSDK_EnableCpuCycleCounter               0x00000181   Thumb Code    52  fsl_common_arm.o(.text)
    MSDK_GetCpuCycleCount                    0x00000201   Thumb Code     8  fsl_common_arm.o(.text)
    SDK_DelayAtLeastUs                       0x0000020d   Thumb Code    56  fsl_common_arm.o(.text)
    ANATOP_AI_Access                         0x00000265   Thumb Code   864  fsl_anatop_ai.o(.text)
    ANATOP_AI_Write                          0x000005dd   Thumb Code    14  fsl_anatop_ai.o(.text)
    ANATOP_AI_Read                           0x000005eb   Thumb Code    14  fsl_anatop_ai.o(.text)
    ANATOP_AI_WriteWithMaskShift             0x000005f9   Thumb Code    46  fsl_anatop_ai.o(.text)
    CLOCK_InitArmPll                         0x00000629   Thumb Code   212  fsl_clock.o(.text)
    CLOCK_DeinitArmPll                       0x00000721   Thumb Code    20  fsl_clock.o(.text)
    CLOCK_CalcPllSpreadSpectrum              0x0000073d   Thumb Code    52  fsl_clock.o(.text)
    CLOCK_InitSysPll2                        0x00000785   Thumb Code   248  fsl_clock.o(.text)
    CLOCK_DeinitSysPll2                      0x000008a9   Thumb Code    40  fsl_clock.o(.text)
    CLOCK_IsSysPll2PfdEnabled                0x000008dd   Thumb Code    20  fsl_clock.o(.text)
    CLOCK_InitPfd                            0x000008f5   Thumb Code   212  fsl_clock.o(.text)
    CLOCK_DeinitPfd                          0x00000a1d   Thumb Code    44  fsl_clock.o(.text)
    CLOCK_GetPfdFreq                         0x00000a55   Thumb Code   112  fsl_clock.o(.text)
    CLOCK_InitSysPll3                        0x00000b19   Thumb Code   144  fsl_clock.o(.text)
    CLOCK_DeinitSysPll3                      0x00000bbd   Thumb Code    32  fsl_clock.o(.text)
    CLOCK_IsSysPll3PfdEnabled                0x00000be9   Thumb Code    20  fsl_clock.o(.text)
    CLOCK_SetPllBypass                       0x00000c01   Thumb Code   168  fsl_clock.o(.text)
    CLOCK_InitAudioPllWithFreq               0x00000cb5   Thumb Code   280  fsl_clock.o(.text)
    CLOCK_CalcAvPllFreq                      0x00000dfd   Thumb Code   256  fsl_clock.o(.text)
    CLOCK_InitAudioPll                       0x00000f35   Thumb Code   232  fsl_clock.o(.text)
    CLOCK_DeinitAudioPll                     0x000010c9   Thumb Code    76  fsl_clock.o(.text)
    CLOCK_GPC_SetAudioPllOutputFreq          0x00001119   Thumb Code    72  fsl_clock.o(.text)
    CLOCK_CalcArmPllFreq                     0x00001171   Thumb Code   144  fsl_clock.o(.text)
    CLOCK_InitArmPllWithFreq                 0x0000121d   Thumb Code   144  fsl_clock.o(.text)
    CLOCK_InitVideoPllWithFreq               0x000012c1   Thumb Code   280  fsl_clock.o(.text)
    CLOCK_InitVideoPll                       0x00001409   Thumb Code   232  fsl_clock.o(.text)
    CLOCK_DeinitVideoPll                     0x00001501   Thumb Code    76  fsl_clock.o(.text)
    CLOCK_GPC_SetVideoPllOutputFreq          0x00001551   Thumb Code    72  fsl_clock.o(.text)
    CLOCK_InitSysPll1                        0x000015a9   Thumb Code   180  fsl_clock.o(.text)
    CLOCK_DeinitSysPll1                      0x00001671   Thumb Code    88  fsl_clock.o(.text)
    CLOCK_GPC_SetSysPll1OutputFreq           0x000016cd   Thumb Code    76  fsl_clock.o(.text)
    CLOCK_OSC_EnableOsc24M                   0x00001729   Thumb Code    48  fsl_clock.o(.text)
    CLOCK_OSC_SetOsc24MWorkMode              0x0000175d   Thumb Code    20  fsl_clock.o(.text)
    CLOCK_OSC_SetOsc16MConfig                0x00001775   Thumb Code    36  fsl_clock.o(.text)
    CLOCK_OSC_SetOscRc400MRefClkDiv          0x0000179d   Thumb Code    38  fsl_clock.o(.text)
    CLOCK_OSC_SetOscRc400MFastClkCount       0x000017c3   Thumb Code    32  fsl_clock.o(.text)
    CLOCK_OSC_SetOscRc400MHysteresisValue    0x000017e5   Thumb Code    48  fsl_clock.o(.text)
    CLOCK_OSC_BypassOscRc400MTuneLogic       0x0000181d   Thumb Code    24  fsl_clock.o(.text)
    CLOCK_OSC_EnableOscRc400MTuneLogic       0x00001835   Thumb Code    24  fsl_clock.o(.text)
    CLOCK_OSC_FreezeOscRc400MTuneValue       0x0000184d   Thumb Code    24  fsl_clock.o(.text)
    CLOCK_OSC_SetOscRc400MTuneValue          0x00001865   Thumb Code    36  fsl_clock.o(.text)
    CLOCK_OSC_Set1MHzOutputBehavior          0x00001889   Thumb Code    50  fsl_clock.o(.text)
    CLOCK_OSC_SetLocked1MHzCount             0x000018bb   Thumb Code    46  fsl_clock.o(.text)
    CLOCK_OSC_CheckLocked1MHzErrorFlag       0x000018e9   Thumb Code    16  fsl_clock.o(.text)
    CLOCK_OSC_ClearLocked1MHzErrorFlag       0x000018f9   Thumb Code    14  fsl_clock.o(.text)
    CLOCK_OSC_GetCurrentOscRc400MFastClockCount 0x00001907   Thumb Code    14  fsl_clock.o(.text)
    CLOCK_OSC_GetCurrentOscRc400MTuneValue   0x00001915   Thumb Code    14  fsl_clock.o(.text)
    CLOCK_GetPllFreq                         0x00001925   Thumb Code   112  fsl_clock.o(.text)
    CLOCK_GetFreq                            0x00001aa1   Thumb Code   356  fsl_clock.o(.text)
    CLOCK_SetGroupConfig                     0x00001c75   Thumb Code    40  fsl_clock.o(.text)
    CLOCK_OSC_TrimOscRc400M                  0x00001cc5   Thumb Code    48  fsl_clock.o(.text)
    CLOCK_OSC_EnableOscRc400M                0x00001cfd   Thumb Code    20  fsl_clock.o(.text)
    CLOCK_GetFreqFromObs                     0x00001d15   Thumb Code    80  fsl_clock.o(.text)
    CLOCK_EnableUsbhs0Clock                  0x00001d75   Thumb Code     4  fsl_clock.o(.text)
    CLOCK_EnableUsbhs0PhyPllClock            0x00001d79   Thumb Code   220  fsl_clock.o(.text)
    CLOCK_DisableUsbhs0PhyPllClock           0x00001e65   Thumb Code    20  fsl_clock.o(.text)
    CLOCK_EnableUsbhs1Clock                  0x00001e7d   Thumb Code     4  fsl_clock.o(.text)
    CLOCK_EnableUsbhs1PhyPllClock            0x00001e81   Thumb Code   220  fsl_clock.o(.text)
    CLOCK_DisableUsbhs1PhyPllClock           0x00001f6d   Thumb Code    20  fsl_clock.o(.text)
    CLOCK_OSCPLL_ControlBySetPointMode       0x00001f85   Thumb Code    36  fsl_clock.o(.text)
    CLOCK_OSCPLL_ControlByCpuLowPowerMode    0x00001fad   Thumb Code    68  fsl_clock.o(.text)
    CLOCK_ROOT_ControlBySetPointMode         0x00001ff9   Thumb Code   364  fsl_clock.o(.text)
    CLOCK_LPCG_ControlBySetPointMode         0x00002179   Thumb Code    36  fsl_clock.o(.text)
    CLOCK_LPCG_ControlByCpuLowPowerMode      0x000021a5   Thumb Code    76  fsl_clock.o(.text)
    PMU_SetPllLdoControlMode                 0x000021fd   Thumb Code    24  fsl_pmu.o(.text)
    PMU_SwitchPllLdoToGPCMode                0x00002215   Thumb Code    26  fsl_pmu.o(.text)
    PMU_StaticEnablePllLdo                   0x00002231   Thumb Code    76  fsl_pmu.o(.text)
    PMU_StaticDisablePllLdo                  0x00002281   Thumb Code    14  fsl_pmu.o(.text)
    PMU_SetLpsrAnaLdoControlMode             0x0000228f   Thumb Code    24  fsl_pmu.o(.text)
    PMU_StaticEnableLpsrAnaLdoBypassMode     0x000022a9   Thumb Code   120  fsl_pmu.o(.text)
    PMU_StaticGetLpsrAnaLdoDefaultConfig     0x00002325   Thumb Code    36  fsl_pmu.o(.text)
    PMU_StaticLpsrAnaLdoInit                 0x00002351   Thumb Code    80  fsl_pmu.o(.text)
    PMU_StaticLpsrAnaLdoDeinit               0x000023ad   Thumb Code    14  fsl_pmu.o(.text)
    PMU_SetLpsrDigLdoControlMode             0x000023bb   Thumb Code    24  fsl_pmu.o(.text)
    PMU_StaticEnableLpsrDigLdoBypassMode     0x000023d5   Thumb Code    96  fsl_pmu.o(.text)
    PMU_StaticGetLpsrDigLdoDefaultConfig     0x0000243d   Thumb Code    36  fsl_pmu.o(.text)
    PMU_StaticLpsrDigLdoInit                 0x00002469   Thumb Code    92  fsl_pmu.o(.text)
    PMU_StaticLpsrDigLdoDeinit               0x000024d5   Thumb Code    28  fsl_pmu.o(.text)
    PMU_GPCSetLpsrDigLdoTargetVoltage        0x000024f5   Thumb Code   272  fsl_pmu.o(.text)
    PMU_GetSnvsDigLdoDefaultConfig           0x00002615   Thumb Code    36  fsl_pmu.o(.text)
    PMU_SnvsDigLdoInit                       0x00002645   Thumb Code    24  fsl_pmu.o(.text)
    PMU_GPCEnableLdo                         0x0000265d   Thumb Code    32  fsl_pmu.o(.text)
    PMU_GPCSetLdoOperateMode                 0x00002699   Thumb Code    76  fsl_pmu.o(.text)
    PMU_GPCEnableLdoTrackingMode             0x000026fd   Thumb Code    52  fsl_pmu.o(.text)
    PMU_GPCEnableLdoBypassMode               0x00002751   Thumb Code    48  fsl_pmu.o(.text)
    PMU_GPCEnableLdoStandbyMode              0x000027a5   Thumb Code    28  fsl_pmu.o(.text)
    PMU_SetBandgapControlMode                0x000027dd   Thumb Code    24  fsl_pmu.o(.text)
    PMU_SwitchBandgapToGPCMode               0x000027f5   Thumb Code    28  fsl_pmu.o(.text)
    PMU_DisableBandgapSelfBiasAfterPowerUp   0x00002811   Thumb Code    40  fsl_pmu.o(.text)
    PMU_EnableBandgapSelfBiasBeforePowerDown 0x00002839   Thumb Code    30  fsl_pmu.o(.text)
    PMU_StaticBandgapInit                    0x00002859   Thumb Code    80  fsl_pmu.o(.text)
    PMU_WellBiasInit                         0x000028b9   Thumb Code    64  fsl_pmu.o(.text)
    PMU_GetWellBiasDefaultConfig             0x00002909   Thumb Code    28  fsl_pmu.o(.text)
    PMU_SetBodyBiasControlMode               0x00002931   Thumb Code    40  fsl_pmu.o(.text)
    PMU_EnableBodyBias                       0x00002971   Thumb Code   188  fsl_pmu.o(.text)
    PMU_GPCEnableBodyBias                    0x00002a45   Thumb Code    12  fsl_pmu.o(.text)
    PMU_GPCEnableBodyBiasStandbyMode         0x00002a5d   Thumb Code    12  fsl_pmu.o(.text)
    PMU_GPCGetBodyBiasDefaultConfig          0x00002a75   Thumb Code    36  fsl_pmu.o(.text)
    PMU_GPCSetBodyBiasConfig                 0x00002aa5   Thumb Code    68  fsl_pmu.o(.text)
    flexspi_nor_write_enable                 0x00002b05   Thumb Code    22  flexspi_nor_flash_ops.o(.text)
    flexspi_nor_wait_bus_busy                0x00002b1d   Thumb Code    48  flexspi_nor_flash_ops.o(.text)
    flexspi_nor_enable_quad_mode             0x00002b51   Thumb Code   128  flexspi_nor_flash_ops.o(.text)
    flexspi_nor_flash_erase_sector           0x00002bd9   Thumb Code   120  flexspi_nor_flash_ops.o(.text)
    flexspi_nor_flash_program                0x00002c59   Thumb Code   112  flexspi_nor_flash_ops.o(.text)
    flexspi_nor_flash_page_program           0x00002cd1   Thumb Code   112  flexspi_nor_flash_ops.o(.text)
    flexspi_nor_get_vendor_id                0x00002d49   Thumb Code    56  flexspi_nor_flash_ops.o(.text)
    flexspi_nor_erase_chip                   0x00002d85   Thumb Code    84  flexspi_nor_flash_ops.o(.text)
    flexspi_nor_flash_init                   0x00002de1   Thumb Code   764  flexspi_nor_flash_ops.o(.text)
    FLEXSPI_GetInstance                      0x000030fd   Thumb Code    40  fsl_flexspi.o(.text)
    FLEXSPI_CheckAndClearError               0x00003135   Thumb Code    80  fsl_flexspi.o(.text)
    FLEXSPI_Init                             0x00003191   Thumb Code   640  fsl_flexspi.o(.text)
    FLEXSPI_GetDefaultConfig                 0x00003431   Thumb Code   112  fsl_flexspi.o(.text)
    FLEXSPI_Deinit                           0x000034a5   Thumb Code    34  fsl_flexspi.o(.text)
    FLEXSPI_SetFlashConfig                   0x000034c9   Thumb Code   524  fsl_flexspi.o(.text)
    FLEXSPI_UpdateLUT                        0x000036dd   Thumb Code   168  fsl_flexspi.o(.text)
    FLEXSPI_UpdateRxSampleClock              0x00003799   Thumb Code   100  fsl_flexspi.o(.text)
    FLEXSPI_WriteBlocking                    0x000037fd   Thumb Code   348  fsl_flexspi.o(.text)
    FLEXSPI_ReadBlocking                     0x00003965   Thumb Code   420  fsl_flexspi.o(.text)
    FLEXSPI_TransferBlocking                 0x00003b19   Thumb Code   276  fsl_flexspi.o(.text)
    FLEXSPI_TransferCreateHandle             0x00003c39   Thumb Code   128  fsl_flexspi.o(.text)
    FLEXSPI_TransferHandleIRQ                0x00003cdd   Thumb Code   724  fsl_flexspi.o(.text)
    FLEXSPI_TransferNonBlocking              0x00003fc9   Thumb Code   200  fsl_flexspi.o(.text)
    FLEXSPI_TransferGetCount                 0x000040b1   Thumb Code    40  fsl_flexspi.o(.text)
    FLEXSPI_TransferAbort                    0x000040e5   Thumb Code    36  fsl_flexspi.o(.text)
    FLEXSPI1_DriverIRQHandler                0x00004115   Thumb Code    20  fsl_flexspi.o(.text)
    malloc                                   0x00004131   Thumb Code    98  h1_alloc.o(.text)
    free                                     0x00004193   Thumb Code    76  h1_free.o(.text)
    __aeabi_lmul                             0x000041df   Thumb Code    48  llmul.o(.text)
    _ll_mul                                  0x000041df   Thumb Code     0  llmul.o(.text)
    __aeabi_uldivmod                         0x0000420f   Thumb Code   272  lludiv.o(.text)
    _ll_udiv                                 0x0000420f   Thumb Code     0  lludiv.o(.text)
    __aeabi_assert                           0x00004321   Thumb Code    82  assert.o(.text)
    __assert                                 0x00004321   Thumb Code     0  assert.o(.text)
    _memset_w                                0x0000439d   Thumb Code    26  rt_memclr.o(.text)
    _memset                                  0x000043b7   Thumb Code    30  rt_memclr.o(.text)
    __aeabi_memclr                           0x000043d5   Thumb Code     4  rt_memclr.o(.text)
    __rt_memclr                              0x000043d5   Thumb Code     0  rt_memclr.o(.text)
    __aeabi_memclr4                          0x000043d9   Thumb Code     0  rt_memclr.o(.text)
    __aeabi_memclr8                          0x000043d9   Thumb Code     0  rt_memclr.o(.text)
    __rt_memclr_w                            0x000043d9   Thumb Code     4  rt_memclr.o(.text)
    __aeabi_uidivmod                         0x000043dd   Thumb Code    28  aeabi_sdivfast.o(.text)
    __aeabi_idivmod                          0x000043f9   Thumb Code   472  aeabi_sdivfast.o(.text)
    __adddf3                                 0x000048cd   Thumb Code     0  daddsub.o(.text)
    __aeabi_dadd                             0x000048cd   Thumb Code     0  daddsub.o(.text)
    _dadd                                    0x000048cd   Thumb Code    26  daddsub.o(.text)
    __aeabi_dsub                             0x000048e7   Thumb Code     0  daddsub.o(.text)
    __subdf3                                 0x000048e7   Thumb Code     0  daddsub.o(.text)
    _dsub                                    0x000048e7   Thumb Code    22  daddsub.o(.text)
    __aeabi_drsub                            0x000048fd   Thumb Code     0  daddsub.o(.text)
    _drsb                                    0x000048fd   Thumb Code    28  daddsub.o(.text)
    __aeabi_ddiv                             0x0000492d   Thumb Code     0  ddiv.o(.text)
    __divdf3                                 0x0000492d   Thumb Code     0  ddiv.o(.text)
    _ddiv                                    0x0000492d   Thumb Code  1072  ddiv.o(.text)
    _drdiv                                   0x00004d5d   Thumb Code    20  ddiv.o(.text)
    __aeabi_d2uiz                            0x00004d75   Thumb Code     0  dfixui.o(.text)
    _dfixu                                   0x00004d75   Thumb Code    68  dfixui.o(.text)
    __aeabi_i2d_normalise                    0x00004dbd   Thumb Code    66  dflti.o(.text)
    __aeabi_i2d                              0x00004dff   Thumb Code    16  dflti.o(.text)
    _dflt                                    0x00004dff   Thumb Code     0  dflti.o(.text)
    __aeabi_ui2d                             0x00004e0f   Thumb Code     6  dflti.o(.text)
    _dfltu                                   0x00004e0f   Thumb Code     0  dflti.o(.text)
    __aeabi_dmul                             0x00004e15   Thumb Code     0  dmul.o(.text)
    __muldf3                                 0x00004e15   Thumb Code     0  dmul.o(.text)
    _dmul                                    0x00004e15   Thumb Code   558  dmul.o(.text)
    __rt_heap_descriptor                     0x0000505d   Thumb Code    12  rt_heap_descriptor.o(.text)
    __use_no_heap                            0x00005069   Thumb Code     2  hguard.o(.text)
    __heap$guard                             0x0000506b   Thumb Code     2  hguard.o(.text)
    _terminate_user_alloc                    0x0000506d   Thumb Code     2  init_alloc.o(.text)
    _init_user_alloc                         0x0000506f   Thumb Code     2  init_alloc.o(.text)
    __Heap_Full                              0x00005071   Thumb Code    32  init_alloc.o(.text)
    __Heap_Broken                            0x00005091   Thumb Code    10  init_alloc.o(.text)
    _init_alloc                              0x0000509b   Thumb Code    90  init_alloc.o(.text)
    __Heap_Initialize                        0x000050f5   Thumb Code     8  h1_init.o(.text)
    __Heap_DescSize                          0x000050fd   Thumb Code     4  h1_init.o(.text)
    abort                                    0x00005101   Thumb Code    20  abort.o(.text)
    __assert_puts                            0x00005115   Thumb Code    20  assert_puts.o(.text)
    _ttywrch                                 0x00005129   Thumb Code    12  sys_wrch.o(.text)
    _sys_exit                                0x00005135   Thumb Code     8  sys_exit.o(.text)
    __Heap_ProvideMemory                     0x00005141   Thumb Code    52  h1_extend.o(.text)
    _maybe_terminate_alloc                   0x00005141   Thumb Code     0  maybetermalloc1.o(.text)
    __rt_SIGABRT                             0x00005175   Thumb Code    12  defsig_abrt_outer.o(.text)
    __rt_SIGRTMEM                            0x00005181   Thumb Code    12  defsig_rtmem_outer.o(.text)
    __rt_heap_escrow                         0x0000518d   Thumb Code    26  heapauxa.o(.text)
    __rt_heap_expand                         0x000051a7   Thumb Code    54  heapauxa.o(.text)
    __I$use$semihosting                      0x000051e1   Thumb Code     0  use_no_semi.o(.text)
    __use_no_semihosting_swi                 0x000051e1   Thumb Code     2  use_no_semi.o(.text)
    __semihosting_library_function           0x000051e3   Thumb Code     0  indicate_semi.o(.text)
    __sig_exit                               0x000051e3   Thumb Code    12  defsig_exit.o(.text)
    __rt_SIGABRT_inner                       0x000051f1   Thumb Code    14  defsig_abrt_inner.o(.text)
    __rt_SIGRTMEM_inner                      0x00005221   Thumb Code    22  defsig_rtmem_inner.o(.text)
    __default_signal_display                 0x00005271   Thumb Code    52  defsig_general.o(.text)
    __aeabi_uidiv                            0x000052a5   Thumb Code    68  aeabi_sdivfast.o(.text_divfast)
    __aeabi_idiv                             0x000052e9   Thumb Code   434  aeabi_sdivfast.o(.text_divfast)
    __I$use$fp                               0x0000549a   Number         0  usenofp.o(x$fpl$usenofp)
    customLUT                                0x0000552c   Data         240  flashprg.o(.rodata.customLUT)
    s_clockSourceName                        0x0000561c   Data         632  fsl_clock.o(.rodata.s_clockSourceName)
    deviceconfig                             0x00005aa8   Data          32  flashprg.o(.data.deviceconfig)
    FlashDevice                              0x00005ac8   Data        4256  flashdev.o(.rodata.FlashDevice)



==============================================================================

Memory Map of the image

  Image entry point : Not specified.

  Load Region PRG (Base: 0x00000000, Size: 0x00005ac8, Max: 0xffffffff, PI)

    Execution Region PrgCode (Exec base: 0x00000000, Load base: 0x00000000, Size: 0x00005aa0, Max: 0xffffffff, PI)

    Exec Addr    Load Addr    Size         Type   Attr      Idx    E Section Name        Object

    0x00000000   0x00000000   0x00000000   Code   RO          226    .ARM.Collect$$libinit$$0000000C  c_pe.l(libinit2.o)
    0x00000000   0x00000000   0x00000124   Code   RO            1    .text               flashprg.o
    0x00000124   0x00000124   0x0000005c   Code   RO           18    .text               fsl_common.o
    0x00000180   0x00000180   0x000000e4   Code   RO           26    .text               fsl_common_arm.o
    0x00000264   0x00000264   0x000003c2   Code   RO           35    .text               fsl_anatop_ai.o
    0x00000626   0x00000626   0x00000002   PAD
    0x00000628   0x00000628   0x00001bd4   Code   RO           43    .text               fsl_clock.o
    0x000021fc   0x000021fc   0x00000908   Code   RO           54    .text               fsl_pmu.o
    0x00002b04   0x00002b04   0x000005f8   Code   RO           64    .text               flexspi_nor_flash_ops.o
    0x000030fc   0x000030fc   0x00001034   Code   RO           72    .text               fsl_flexspi.o
    0x00004130   0x00004130   0x00000062   Code   RO           90    .text               c_pe.l(h1_alloc.o)
    0x00004192   0x00004192   0x0000004c   Code   RO           92    .text               c_pe.l(h1_free.o)
    0x000041de   0x000041de   0x00000030   Code   RO          148    .text               c_pe.l(llmul.o)
    0x0000420e   0x0000420e   0x00000110   Code   RO          150    .text               c_pe.l(lludiv.o)
    0x0000431e   0x0000431e   0x00000002   PAD
    0x00004320   0x00004320   0x0000007c   Code   RO          152    .text               c_pe.l(assert.o)
    0x0000439c   0x0000439c   0x00000040   Code   RO          154    .text               c_pe.l(rt_memclr.o)
    0x000043dc   0x000043dc   0x000001f8   Code   RO          156    .text               c_pe.l(aeabi_sdivfast.o)
    0x000045d4   0x000045d4   0x00000358   Code   RO          164    .text               fz_ps.l(daddsub.o)
    0x0000492c   0x0000492c   0x00000448   Code   RO          166    .text               fz_ps.l(ddiv.o)
    0x00004d74   0x00004d74   0x00000048   Code   RO          169    .text               fz_ps.l(dfixui.o)
    0x00004dbc   0x00004dbc   0x00000058   Code   RO          171    .text               fz_ps.l(dflti.o)
    0x00004e14   0x00004e14   0x00000248   Code   RO          173    .text               fz_ps.l(dmul.o)
    0x0000505c   0x0000505c   0x0000000c   Code   RO          185    .text               c_pe.l(rt_heap_descriptor.o)
    0x00005068   0x00005068   0x00000004   Code   RO          190    .text               c_pe.l(hguard.o)
    0x0000506c   0x0000506c   0x00000088   Code   RO          192    .text               c_pe.l(init_alloc.o)
    0x000050f4   0x000050f4   0x0000000c   Code   RO          196    .text               c_pe.l(h1_init.o)
    0x00005100   0x00005100   0x00000014   Code   RO          208    .text               c_pe.l(abort.o)
    0x00005114   0x00005114   0x00000014   Code   RO          210    .text               c_pe.l(assert_puts.o)
    0x00005128   0x00005128   0x0000000c   Code   RO          266    .text               c_pe.l(sys_wrch.o)
    0x00005134   0x00005134   0x0000000c   Code   RO          270    .text               c_pe.l(sys_exit.o)
    0x00005140   0x00005140   0x00000000   Code   RO          285    .text               c_pe.l(maybetermalloc1.o)
    0x00005140   0x00005140   0x00000034   Code   RO          287    .text               c_pe.l(h1_extend.o)
    0x00005174   0x00005174   0x0000000c   Code   RO          291    .text               c_pe.l(defsig_abrt_outer.o)
    0x00005180   0x00005180   0x0000000c   Code   RO          295    .text               c_pe.l(defsig_rtmem_outer.o)
    0x0000518c   0x0000518c   0x00000054   Code   RO          299    .text               c_pe.l(heapauxa.o)
    0x000051e0   0x000051e0   0x00000002   Code   RO          308    .text               c_pe.l(use_no_semi.o)
    0x000051e2   0x000051e2   0x00000000   Code   RO          310    .text               c_pe.l(indicate_semi.o)
    0x000051e2   0x000051e2   0x0000000c   Code   RO          315    .text               c_pe.l(defsig_exit.o)
    0x000051ee   0x000051ee   0x00000002   PAD
    0x000051f0   0x000051f0   0x00000030   Code   RO          317    .text               c_pe.l(defsig_abrt_inner.o)
    0x00005220   0x00005220   0x00000050   Code   RO          323    .text               c_pe.l(defsig_rtmem_inner.o)
    0x00005270   0x00005270   0x00000034   Code   RO          335    .text               c_pe.l(defsig_general.o)
    0x000052a4   0x000052a4   0x000001f6   Code   RO          157    .text_divfast       c_pe.l(aeabi_sdivfast.o)
    0x0000549a   0x0000549a   0x00000000   Code   RO          265    x$fpl$usenofp       fz_ps.l(usenofp.o)
    0x0000549a   0x0000549a   0x00000080   Data   RO          167    .constdata          fz_ps.l(ddiv.o)
    0x0000551a   0x0000551a   0x00000002   PAD
    0x0000551c   0x0000551c   0x00000010   Data   RO           57    .rodata.cst16       fsl_pmu.o
    0x0000552c   0x0000552c   0x000000f0   Data   RO            4    .rodata.customLUT   flashprg.o
    0x0000561c   0x0000561c   0x00000278   Data   RO           45    .rodata.s_clockSourceName  fsl_clock.o
    0x00005894   0x00005894   0x00000006   Data   RO           76    .rodata.s_flexspiIrqs  fsl_flexspi.o
    0x0000589a   0x0000589a   0x00000019   Data   RO           28    .rodata.str1.1      fsl_common_arm.o
    0x000058b3   0x000058b3   0x00000154   Data   RO           46    .rodata.str1.1      fsl_clock.o
    0x00005a07   0x00005a07   0x00000054   Data   RO           56    .rodata.str1.1      fsl_pmu.o
    0x00005a5b   0x00005a5b   0x00000043   Data   RO           74    .rodata.str1.1      fsl_flexspi.o


    Execution Region PrgData (Exec base: 0x00005aa0, Load base: 0x00005aa0, Size: 0x0000003c, Max: 0xffffffff, PI)

    Exec Addr    Load Addr    Size         Type   Attr      Idx    E Section Name        Object

    0x00005aa0   0x00005aa0   0x00000004   Data   RW          370    PDT$$ptr            anon$$obj.o
    0x00005aa4   0x00005aa4   0x00000004   Data   RW          300    .data               c_pe.l(heapauxa.o)
    0x00005aa8   0x00005aa8   0x00000020   Data   RW            3    .data.deviceconfig  flashprg.o
    0x00005ac8        -       0x00000004   Zero   RW          186    .bss                c_pe.l(rt_heap_descriptor.o)
    0x00005acc        -       0x00000004   Zero   RW            5    .bss.Init.index     flashprg.o
    0x00005ad0        -       0x0000000c   Zero   RW           75    .bss.s_flexspiHandle  fsl_flexspi.o



  Load Region DSCR (Base: 0x00005ac8, Size: 0x000010a0, Max: 0xffffffff, PI)

    Execution Region DevDscr (Exec base: 0x00005ac8, Load base: 0x00005ac8, Size: 0x000010a0, Max: 0xffffffff, PI)

    Exec Addr    Load Addr    Size         Type   Attr      Idx    E Section Name        Object

    0x00005ac8   0x00005ac8   0x00000000   Code   RO           12    .text               flashdev.o
    0x00005ac8   0x00005ac8   0x000010a0   Data   RO           13    .rodata.FlashDevice  flashdev.o


==============================================================================

Image component sizes


      Code (inc. data)   RO Data    RW Data    ZI Data      Debug   Object Name

         0          0       4256          0          0        849   flashdev.o
       292         44        240         32          4       7425   flashprg.o
      1528         80          0          0          0      17516   flexspi_nor_flash_ops.o
       962         32          0          0          0      10720   fsl_anatop_ai.o
      7124       1152        972          0          0      50386   fsl_clock.o
        92          8          0          0          0       1529   fsl_common.o
       228        112         25          0          0       2186   fsl_common_arm.o
      4148        256         73          0         12      34818   fsl_flexspi.o
      2312        396        100          0          0      21192   fsl_pmu.o

    ----------------------------------------------------------------------
     16688       2080       5668         36         16     146621   Object Totals
         0          0          0          4          0          0   (incl. Generated)
         2          0          2          0          0          0   (incl. Padding)

    ----------------------------------------------------------------------

      Code (inc. data)   RO Data    RW Data    ZI Data      Debug   Library Member Name

        20          0          0          0          0         68   abort.o
      1006          4          0          0          0        176   aeabi_sdivfast.o
       124         42          0          0          0         68   assert.o
        20          0          0          0          0         68   assert_puts.o
        48         34          0          0          0         68   defsig_abrt_inner.o
        12          0          0          0          0         68   defsig_abrt_outer.o
        12          0          0          0          0         68   defsig_exit.o
        52          0          0          0          0         72   defsig_general.o
        80         58          0          0          0         68   defsig_rtmem_inner.o
        12          0          0          0          0         68   defsig_rtmem_outer.o
        98          0          0          0          0         72   h1_alloc.o
        52          0          0          0          0         68   h1_extend.o
        76          0          0          0          0         72   h1_free.o
        12          0          0          0          0         76   h1_init.o
        84          4          0          4          0         88   heapauxa.o
         4          0          0          0          0        120   hguard.o
         0          0          0          0          0          0   indicate_semi.o
       136          0          0          0          0        160   init_alloc.o
         0          0          0          0          0          0   libinit2.o
        48          0          0          0          0         72   llmul.o
       272          0          0          0          0         88   lludiv.o
         0          0          0          0          0          0   maybetermalloc1.o
        12          4          0          0          4         64   rt_heap_descriptor.o
        64          0          0          0          0        108   rt_memclr.o
        12          4          0          0          0         60   sys_exit.o
        12          0          0          0          0         68   sys_wrch.o
         2          0          0          0          0         64   use_no_semi.o
       856         20          0          0          0        208   daddsub.o
      1096         26        128          0          0        112   ddiv.o
        72          4          0          0          0         68   dfixui.o
        88          0          0          0          0         92   dflti.o
       584         26          0          0          0         84   dmul.o
         0          0          0          0          0          0   usenofp.o

    ----------------------------------------------------------------------
      4970        226        130          4          4       2536   Library Totals
         4          0          2          0          0          0   (incl. Padding)

    ----------------------------------------------------------------------

      Code (inc. data)   RO Data    RW Data    ZI Data      Debug   Library Name

      2270        150          0          4          4       1972   c_pe.l
      2696         76        128          0          0        564   fz_ps.l

    ----------------------------------------------------------------------
      4970        226        130          4          4       2536   Library Totals

    ----------------------------------------------------------------------

==============================================================================


      Code (inc. data)   RO Data    RW Data    ZI Data      Debug   

     21658       2306       5798         40         20     147773   Grand Totals
     21658       2306       5798         40         20     147773   ELF Image Totals
     21658       2306       5798         40          0          0   ROM Totals

==============================================================================

    Total RO  Size (Code + RO Data)                27456 (  26.81kB)
    Total RW  Size (RW Data + ZI Data)                60 (   0.06kB)
    Total ROM Size (Code + RO Data + RW Data)      27496 (  26.85kB)

==============================================================================

